// Jest Snapshot v1, https://goo.gl/fbAQLP

exports[`Sign up component should test div element 1`] = `"<div><div class=\\"login-container\\"><div class=\\"sidebar signup-sidebar\\"></div><div class=\\"login-form\\"><h1>The future is NOW.</h1><div><img src=\\"[object Object]\\" class=\\"google-icon\\" alt=\\"googleIcon\\"><button class=\\"google-login-btn\\">Sign up with Google</button><h2 class=\\"line\\">________________________</h2></div><div class=\\"email-field\\"><label class=\\"login-txt\\">Email address</label><img src=\\"[object Object]\\" class=\\"message-icon\\" alt=\\"msgIcon\\"><input type=\\"email\\" placeholder=\\"email@address.com\\" class=\\"login-txt\\" value=\\"\\"></div><div><label class=\\"login-txt\\">Password</label><img src=\\"[object Object]\\" class=\\"lock-icon\\" alt=\\"lockIcon\\"><img src=\\"[object Object]\\" class=\\"invisible-icon\\" alt=\\"invisibleIcon\\"><input type=\\"password\\" class=\\"login-txt\\" placeholder=\\"*************\\" value=\\"\\"></div><div><input type=\\"checkbox\\" class=\\"checkbox\\">I agree to Meliora Impacts’s Terms of Service and Privacy Policy</div><a href=\\"/register\\"><button class=\\"sign-in-btn\\">Sign up</button></a><label class=\\"sign-up-txt\\">Don´t have an account? <a href=\\"/login\\">Sign in</a> </label></div></div></div>"`;
