// Jest Snapshot v1, https://goo.gl/fbAQLP

exports[`About us component should test div element 1`] = `"<div><div><img src=\\"[object Object]\\" class=\\"main-bg-pic\\" alt=\\"mainBg\\"></div><div class=\\"second-row-box\\"><div class=\\"knowledge-text-box custom-shadow\\"><p class=\\"our-mission\\">OUR MISSION</p><h1 class=\\"knowledge-power custom-font-knowledge\\">KNOWLEDGE = POWER</h1><div class=\\"power-text\\"><p>We're a Norwegian female-founded startup changing corporate giving and the way companies and nonprofits connect.</p><p>We're saving companies resources, help create stable income streams for nonprofits, and create deeper relationships between donor and nonprofit.</p><p> We help implement solid strategies for impactful and sustainable giving, all in line with the UN SDGs.</p></div></div><div class=\\"art-box\\"><img src=\\"[object Object]\\" class=\\"first-layer-art\\" alt=\\"firstLayer\\"><img src=\\"[object Object]\\" class=\\"top-layer-art\\" alt=\\"topLayer\\"></div></div><p class=\\"our-mission mission\\">OUR MISSION</p><h1 class=\\"action-call custom-font-knowledge\\">A CALL TO ACTION</h1><div class=\\"big-container\\"><a href=\\"https://sdgs.un.org/goals/goal4\\" class=\\"un-link\\"><div class=\\"small-box light custom-shadow\\"><img src=\\"[object Object]\\" class=\\"graphics\\"><p class=\\"small-title \\">Quality education</p><p class=\\"small-txt\\">Ensure inclusive and equitable quality education and promote lifelong learning opportunities for all</p></div></a><a href=\\"https://sdgs.un.org/goals/goal6\\" class=\\"un-link\\"><div class=\\"small-box light custom-shadow\\"><img src=\\"[object Object]\\" class=\\"graphics\\"><p class=\\"small-title \\">Clean water &amp; sanitation</p><p class=\\"small-txt\\">Ensure availability and sustainable management of water and sanitation for all</p></div></a><a href=\\"https://sdgs.un.org/goals/goal11\\" class=\\"un-link\\"><div class=\\"small-box light custom-shadow\\"><img src=\\"[object Object]\\" class=\\"graphics\\"><p class=\\"small-title \\">Sustainable cities &amp; communities</p><p class=\\"small-txt\\">Make cities and human settlements inclusive, safe, resilient and sustainable</p></div></a><a href=\\"https://sdgs.un.org/goals/goal12\\" class=\\"un-link\\"><div class=\\"small-box dark custom-shadow\\"><img src=\\"[object Object]\\" class=\\"graphics\\"><p class=\\"small-title \\">Responsible consumption &amp; production</p><p class=\\"small-txt\\">Ensure sustainable consumption and production patterns</p></div></a><a href=\\"https://sdgs.un.org/goals/goal13\\" class=\\"un-link\\"><div class=\\"small-box light custom-shadow\\"><img src=\\"[object Object]\\" class=\\"graphics\\"><p class=\\"small-title \\">Climate action</p><p class=\\"small-txt\\">Take urgent action to combat climate change and its impacts</p></div></a><a href=\\"https://sdgs.un.org/goals/goal14\\" class=\\"un-link\\"><div class=\\"small-box dark custom-shadow\\"><img src=\\"[object Object]\\" class=\\"graphics\\"><p class=\\"small-title \\">Life below water</p><p class=\\"small-txt\\">Conserve and sustainably use the oceans, seas and marine resources for sustainable development</p></div></a><a href=\\"https://sdgs.un.org/goals/goal15\\" class=\\"un-link\\"><div class=\\"small-box light custom-shadow\\"><img src=\\"[object Object]\\" class=\\"graphics\\"><p class=\\"small-title \\">Life on land</p><p class=\\"small-txt\\">Protect, restore and promote sustainable use of terrestrial ecosystems, sustainably manage forests, combat desertification, and halt and reverse land degradation and halt biodiversity loss</p></div></a><a href=\\"https://sdgs.un.org/goals\\" class=\\"un-link\\"><div class=\\"small-box dark custom-shadow\\"><img src=\\"[object Object]\\" class=\\"graphics\\"><p class=\\"small-title\\">THE UN SDG GOALS</p></div></a></div></div>"`;

exports[`About us component should test p element 1`] = `"<p>OUR MISSION</p>"`;
