// Jest Snapshot v1, https://goo.gl/fbAQLP

exports[`Application component should test Route 1`] = `"<div class=\\"page-margin\\"><div class=\\"front-image\\"><h1 class=\\"front-image-text custom-font-knowledge\\">Meliora Impact</h1><a href=\\"/signup\\"><button class=\\"front-image-button custom-shadow-button\\">Join us</button></a></div><div class=\\"about-us-div\\"><div class=\\"about-us-title\\"><h1>About us</h1></div><p>Lorem ipsum dolor sit amet, consectetur adipiscing elit. Curabitur viverra, eros at luctus molestie, dolor risus convallis orci, ut tempus tellus nunc quis nulla. Maecenas libero lectus, pharetra ut magna in, rutrum luctus lorem. Nulla blandit augue nulla, sit amet porta dolor interdum eu. Phasellus suscipit porttitor urna, non vestibulum dui volutpat quis. Donec viverra lectus diam, sed sollicitudin quam pretium at. Curabitur nisl ligula, porta nec finibus eu, venenatis vitae quam. Curabitur facilisis magna condimentum maximus feugiat. Aliquam erat volutpat. Mauris posuere vel mi non commodo. Nunc dapibus libero ipsum, placerat posuere augue vulputate vitae. Aenean volutpat sollicitudin accumsan. Vestibulum at maximus purus, in hendrerit eros. Phasellus id tellus a eros volutpat rutrum et in ligula. Donec quis odio augue. Mauris pellentesque feugiat lacus eget ornare.</p><a href=\\"/about\\"><button class=\\"about-us-button custom-shadow-button\\">Read more</button></a></div><div class=\\"topic-container\\"><div class=\\"topic\\"><h4>Protecting nature</h4><div class=\\"topic-image\\"><img src=\\"[object Object]\\" alt=\\"Picture of nature\\"></div><p>Lorem ipsum dolor sit amet, consectetur adipiscing elit. Fusce viverra id metus ut scelerisque. Morbi luctus tincidunt neque, sed sagittis ligula consectetur nec. Vivamus consequat neque at varius faucibus.</p></div><div class=\\"topic\\"><h4>Welfare</h4><div class=\\"topic-image\\"><img src=\\"[object Object]\\" alt=\\"Picture of poor children\\"></div><p>Lorem ipsum dolor sit amet, consectetur adipiscing elit. Fusce viverra id metus ut scelerisque. Morbi luctus tincidunt neque, sed sagittis ligula consectetur nec. Vivamus consequat neque at varius faucibus.</p></div><div class=\\"topic\\"><h4>Education</h4><div class=\\"topic-image\\"><img src=\\"[object Object]\\" alt=\\"Picture of child in school\\"></div><p>Lorem ipsum dolor sit amet, consectetur adipiscing elit. Fusce viverra id metus ut scelerisque. Morbi luctus tincidunt neque, sed sagittis ligula consectetur nec. Vivamus consequat neque at varius faucibus.</p></div></div><div class=\\"newsfeed-container custom-shadow\\"><h1>NEWSFEED</h1><div class=\\"newsfeed-items-container\\"><div class=\\"newsfeed-item custom-shadow\\"><img src=\\"[object Object]\\" class=\\"newsfeed-image\\" alt=\\"Afghan children in school\\"><p>Afghan refugee children enrolling in norwegian nurseries 2 weeks after coming to norway. Prime minister hopes that these efforts will help stabilize the everyday life of the children and that they will integrate quicker.</p><p class=\\"read-more\\">Read more</p></div><div class=\\"newsfeed-item custom-shadow\\"><img src=\\"[object Object]\\" class=\\"newsfeed-image\\" alt=\\"Deers in nature\\"><p>Hunting season has ended, yet people are still hunting animals illegally. Protecting nature is our responsibility, and make sure that the next generation can enjoy wilderness like us.</p><p class=\\"read-more\\">Read more</p></div><div class=\\"newsfeed-item custom-shadow\\"><img src=\\"[object Object]\\" class=\\"newsfeed-image\\" alt=\\"Akeem in karate training\\"><p>Thanks to the support of charities, children like Akeem are able to partake in after school activities. Children like Akeem would not be able to afford ...</p><p class=\\"read-more\\">Read more</p></div></div></div></div>"`;

exports[`Application component should test div element 1`] = `"<div class=\\"loading-wrapper\\"><div class=\\"loading\\"><div></div><div></div><div></div><div></div><div></div><div></div><div></div><div></div></div></div>"`;

exports[`Application component should test header 1`] = `"<div class=\\"loading-wrapper\\"><div class=\\"loading\\"><div></div><div></div><div></div><div></div><div></div><div></div><div></div><div></div></div></div>"`;
