// Jest Snapshot v1, https://goo.gl/fbAQLP

exports[`Charities component should show all charities 1`] = `"<div class=\\"page-margin\\"><div><ul class=\\"charity-parent-cont\\"><div class=\\"charity-card\\"><div class=\\"charity-background\\"><img src=\\"data:image/png;base64undefined\\" class=\\"charity-img\\"></div><div class=\\"charity-card-content\\"><h3>Charity 1</h3><p>Test description 1</p><div class=\\"card-buttons\\"><a href=\\"/charities/charity/id?id=undefined\\"><button class=\\"card-btn-left card-btn\\">Read more</button></a><a href=\\"/charities/donate/id?id=undefined\\"><button class=\\"card-btn-right card-btn\\">Donate</button></a></div></div></div><div class=\\"charity-card\\"><div class=\\"charity-background\\"><img src=\\"data:image/png;base64undefined\\" class=\\"charity-img\\"></div><div class=\\"charity-card-content\\"><h3>Charity 2</h3><p>Test description 2</p><div class=\\"card-buttons\\"><a href=\\"/charities/charity/id?id=undefined\\"><button class=\\"card-btn-left card-btn\\">Read more</button></a><a href=\\"/charities/donate/id?id=undefined\\"><button class=\\"card-btn-right card-btn\\">Donate</button></a></div></div></div><div class=\\"charity-card\\"><div class=\\"charity-background\\"><img src=\\"data:image/png;base64undefined\\" class=\\"charity-img\\"></div><div class=\\"charity-card-content\\"><h3>Charity 3</h3><p>Test description 3</p><div class=\\"card-buttons\\"><a href=\\"/charities/charity/id?id=undefined\\"><button class=\\"card-btn-left card-btn\\">Read more</button></a><a href=\\"/charities/donate/id?id=undefined\\"><button class=\\"card-btn-right card-btn\\">Donate</button></a></div></div></div></ul></div></div>"`;

exports[`Charities component should show charity page 1`] = `"<div>Loading...</div>"`;

exports[`Charities component should show error message 1`] = `"<div><h1>Error</h1><div id=\\"error-text\\">Error: Failed to load</div></div>"`;

exports[`Charities component should show loading screen 1`] = `"<div>Loading...</div>"`;
