// Jest Snapshot v1, https://goo.gl/fbAQLP

exports[`Navigation and Footer components should test Link 1`] = `"<a class=\\"navLinks\\" href=\\"/about\\">About us</a>"`;

exports[`Navigation and Footer components should test chart1 1`] = `""`;

exports[`Navigation and Footer components should test chart2 1`] = `""`;

exports[`Navigation and Footer components should test div element of footer 1`] = `"<footer><div class=\\"footer-links\\"><a class=\\"footer-link\\" href=\\"/\\">Social Media</a><p>|</p><a class=\\"footer-link\\" href=\\"/charities\\">Donate</a><p>|</p><a class=\\"footer-link\\" href=\\"/about\\">About us</a><p>|</p><a class=\\"footer-link\\" href=\\"/contact\\">Contact</a></div><div class=\\"footer-social\\"><a href=\\"https://www.facebook.com/\\"><img src=\\"[object Object]\\" alt=\\"facebook\\"></a><a href=\\"https://www.instagram.com/\\"><img src=\\"[object Object]\\" alt=\\"insta\\"></a><a href=\\"https://www.linkedin.com/\\"><img src=\\"[object Object]\\" alt=\\"linkedin\\"></a><a href=\\"https://www.snapchat.com/\\"><img src=\\"[object Object]\\" alt=\\"snap\\"></a></div><div class=\\"footer-copyright\\"><p>Copyright © 2022 Melioria Impact. All rights reserved</p></div><div class=\\"footer-subscribe\\"><p>Subscribe here for news about our causes</p><form><input type=\\"email\\" placeholder=\\"example@email.com\\" required=\\"\\"><button>Subscribe</button></form></div></footer>"`;

exports[`Navigation and Footer components should test footer element 1`] = `"<footer><div class=\\"footer-links\\"><a class=\\"footer-link\\" href=\\"/\\">Social Media</a><p>|</p><a class=\\"footer-link\\" href=\\"/charities\\">Donate</a><p>|</p><a class=\\"footer-link\\" href=\\"/about\\">About us</a><p>|</p><a class=\\"footer-link\\" href=\\"/contact\\">Contact</a></div><div class=\\"footer-social\\"><a href=\\"https://www.facebook.com/\\"><img src=\\"[object Object]\\" alt=\\"facebook\\"></a><a href=\\"https://www.instagram.com/\\"><img src=\\"[object Object]\\" alt=\\"insta\\"></a><a href=\\"https://www.linkedin.com/\\"><img src=\\"[object Object]\\" alt=\\"linkedin\\"></a><a href=\\"https://www.snapchat.com/\\"><img src=\\"[object Object]\\" alt=\\"snap\\"></a></div><div class=\\"footer-copyright\\"><p>Copyright © 2022 Melioria Impact. All rights reserved</p></div><div class=\\"footer-subscribe\\"><p>Subscribe here for news about our causes</p><form><input type=\\"email\\" placeholder=\\"example@email.com\\" required=\\"\\"><button>Subscribe</button></form></div></footer>"`;

exports[`Navigation and Footer components should test navigation 1`] = `"<nav><div><a href=\\"/\\"><img src=\\"[object Object]\\" class=\\"logo\\"></a><a class=\\"navLinks\\" href=\\"/charities\\">Charities</a><a class=\\"navLinks\\" href=\\"/about\\">About us</a><a class=\\"navLinks\\" href=\\"/contact\\">Contact</a></div><div><div class=\\"search-box\\"><input class=\\"search-text\\" type=\\"text\\" placeholder=\\"Search Anything\\"><a href=\\"#\\" class=\\"search-button\\"><img src=\\"[object Object]\\" class=\\"search\\"></a></div><div class=\\"profileDropdown\\"><img src=\\"[object Object]\\" class=\\"navIcons\\"><div class=\\"dropdownContent\\"><a class=\\"dropdownLink\\" href=\\"/login\\">Login</a></div></div></div></nav>"`;
