// Jest Snapshot v1, https://goo.gl/fbAQLP

exports[`contact component should test div element 1`] = `"<div class=\\"login-container page-margin\\"><div class=\\"contact-sidebar\\"><h1 class=\\"sidebar-title\\">We'd love to <br> hear from you</h1><div><div class=\\"contact-info\\"><img src=\\"[object Object]\\" class=\\"contact-icon\\" alt=\\"phoneIcon\\"><p>+47 999 99 999</p></div><div class=\\"contact-info\\"><img src=\\"[object Object]\\" class=\\"contact-icon\\" alt=\\"msgIcon\\"><p>meliora.impact@gmail.com</p></div><div class=\\"contact-info\\"><img src=\\"[object Object]\\" class=\\"contact-icon\\" alt=\\"locationIcon\\"><p>ch. groghsgate 12, 0186 Oslo Norway</p></div></div><div class=\\"contact-background\\"><img src=\\"[object Object]\\" class=\\"pink\\" alt=\\"pinkSquig\\"><img src=\\"[object Object]\\" class=\\"blue\\" alt=\\"blueSquig\\"><img src=\\"[object Object]\\" class=\\"person\\" alt=\\"personPic\\"></div></div><div class=\\"contact-form\\"><h1>Get in touch with us</h1><p>Fill out the form and our team will get back to you <br> within 72 hours.</p><div class=\\"name-field contact-input-field\\"><label class=\\"login-txt contact-txt\\">Your name</label><input type=\\"text\\" placeholder=\\"Firstname Lastname\\" class=\\"login-txt contact-input\\"></div><div class=\\"email-field contact-input-field\\"><label class=\\"login-txt contact-txt\\">Email address</label><input type=\\"email\\" placeholder=\\"email@address.com\\" class=\\"login-txt contact-input\\"></div><div class=\\"message-field contact-input-field\\"><label class=\\"login-txt contact-txt\\">Your message</label><input type=\\"textarea\\" placeholder=\\"Write your message\\" class=\\"login-txt contact-textarea contact-input\\"></div><button class=\\"submit-btn sign-in-btn\\">Submit</button></div></div>"`;
