// Jest Snapshot v1, https://goo.gl/fbAQLP

exports[`list users component should test list users component 1`] = `"<div>Loading...</div>"`;
