// Jest Snapshot v1, https://goo.gl/fbAQLP

exports[`LoginPage component should test text in h1 element 1`] = `/Please wait.../i`;
