// Jest Snapshot v1, https://goo.gl/fbAQLP

exports[`Register new user component should test div element 1`] = `"<div><div class=\\"parent-container\\"><div><img src=\\"[object Object]\\" class=\\"first-layer-bg\\"><img src=\\"[object Object]\\" class=\\"red-ball\\"><img src=\\"[object Object]\\" class=\\"white-dot\\"></div><div class=\\"child-container\\"><form class=\\"input-form\\"><h1>Register your organization</h1><div class=\\"name-fields\\"><div class=\\"form-input\\"><label class=\\"input-label\\"><strong>First name:</strong> <input value=\\"\\"></label></div><div class=\\"form-input\\"><label class=\\"input-label\\"><strong>Last name:</strong> <input value=\\"\\"></label></div></div><div class=\\"form-input\\"><label class=\\"input-label\\"><strong>Mobile number:</strong> <input value=\\"\\"></label></div><label class=\\"input-label\\">Card type</label><select class=\\"input-field\\"><option>Visa</option><option>Master</option></select><div class=\\"form-input\\"><label class=\\"input-label\\"><strong>Card number</strong> <input value=\\"\\"></label></div><div class=\\"form-input\\"><label class=\\"input-label\\"><strong>Company name:</strong> <input value=\\"\\"></label></div><div class=\\"form-input\\"><label class=\\"input-label\\"><strong>Job title:</strong> <input value=\\"\\"></label></div><div class=\\"form-input\\"><label class=\\"input-label\\"><strong>Email:</strong> <input value=\\"\\"></label></div><div class=\\"form-input\\"><label class=\\"input-label\\"><strong>Password</strong> <input type=\\"password\\" value=\\"\\"></label></div><button class=\\"cont-btn\\">Continue</button></form></div></div></div>"`;
